Starting MongoDB setup...
Starting MongoDB server...
Waiting for MongoDB to start...
sudo: mongod: command not found
Waiting... (1/15)
Waiting... (2/15)
Waiting... (3/15)
Waiting... (4/15)
Waiting... (5/15)
Waiting... (6/15)
Waiting... (7/15)
Waiting... (8/15)
Waiting... (9/15)
Waiting... (10/15)
Waiting... (11/15)
Waiting... (12/15)
Waiting... (13/15)
Waiting... (14/15)
Waiting... (15/15)
Setting up database and user...
./startup.sh: line 41: mongosh: command not found
Connection string saved to db_connection.txt
MongoDB setup complete!
Database: myapp
Admin user: appuser (password: dbuser123)
App user: appuser (password: dbuser123)
Port: 27017

To connect to the database, use one of the following commands:
mongosh -u appuser -p dbuser123 --port 27017 --authenticationDatabase admin myapp
mongosh mongodb://appuser:dbuser123@localhost:27017/myapp?authSource=admin
